2019/11/12 17:09:07 [error] 16164#24884: *1 CreateFile() "F:\nginx\nginx-1.12.2\nginx-1.12.2/html/favicon.ico" failed (2: The system cannot find the file specified), client: 127.0.0.1, server: localhost, request: "GET /favicon.ico HTTP/1.1", host: "localhost", referrer: "http://localhost/"
2019/11/12 17:24:10 [error] 16164#24884: *3 "F:\nginx\nginx-1.12.2\nginx-1.12.2/html/api/Jzcx/redOrBlack/getData/index.html" is not found (3: The system cannot find the path specified), client: 127.0.0.1, server: localhost, request: "GET /api/Jzcx/redOrBlack/getData/ HTTP/1.1", host: "localhost", referrer: "http://localhost/"
2019/11/12 17:24:17 [error] 16164#24884: *4 "F:\nginx\nginx-1.12.2\nginx-1.12.2/html/api/Jzcx/redOrBlack/getData/index.html" is not found (3: The system cannot find the path specified), client: 127.0.0.1, server: localhost, request: "GET /api/Jzcx/redOrBlack/getData/ HTTP/1.1", host: "localhost", referrer: "http://localhost/"
2019/11/12 17:24:31 [error] 16164#24884: *3 "F:\nginx\nginx-1.12.2\nginx-1.12.2/html/api/Jzcx/redOrBlack/getData/index.html" is not found (3: The system cannot find the path specified), client: 127.0.0.1, server: localhost, request: "GET /api/Jzcx/redOrBlack/getData/ HTTP/1.1", host: "localhost", referrer: "http://localhost/"
2019/11/12 17:26:10 [error] 16164#24884: *8 "F:\nginx\nginx-1.12.2\nginx-1.12.2/html/api/Jzcx/redOrBlack/getData/index.html" is not found (3: The system cannot find the path specified), client: 127.0.0.1, server: localhost, request: "GET /api/Jzcx/redOrBlack/getData/ HTTP/1.1", host: "localhost", referrer: "http://localhost/"
2019/11/12 17:38:52 [error] 16164#24884: *14 "F:\nginx\nginx-1.12.2\nginx-1.12.2/html/api/Jzcx/redOrBlack/getData/index.html" is not found (3: The system cannot find the path specified), client: 127.0.0.1, server: localhost, request: "GET /api/Jzcx/redOrBlack/getData/ HTTP/1.1", host: "localhost", referrer: "http://localhost/"
2019/11/12 17:38:53 [error] 16164#24884: *14 "F:\nginx\nginx-1.12.2\nginx-1.12.2/html/api/Jzcx/redOrBlack/getData/index.html" is not found (3: The system cannot find the path specified), client: 127.0.0.1, server: localhost, request: "GET /api/Jzcx/redOrBlack/getData/ HTTP/1.1", host: "localhost", referrer: "http://localhost/"
2019/11/12 17:40:16 [error] 16164#24884: *19 "F:\nginx\nginx-1.12.2\nginx-1.12.2/html/api/Jzcx/redOrBlack/getData/index.html" is not found (3: The system cannot find the path specified), client: 127.0.0.1, server: localhost, request: "GET /api/Jzcx/redOrBlack/getData/ HTTP/1.1", host: "localhost", referrer: "http://localhost/"
2019/11/12 17:41:12 [error] 16164#24884: *19 "F:\nginx\nginx-1.12.2\nginx-1.12.2/html/api/Jzcx/redOrBlack/getData/index.html" is not found (3: The system cannot find the path specified), client: 127.0.0.1, server: localhost, request: "GET /api/Jzcx/redOrBlack/getData/ HTTP/1.1", host: "localhost", referrer: "http://localhost/"
2019/11/12 17:41:32 [error] 16164#24884: *19 "F:\nginx\nginx-1.12.2\nginx-1.12.2/html/Jzcx/redOrBlack/getData/index.html" is not found (3: The system cannot find the path specified), client: 127.0.0.1, server: localhost, request: "GET /Jzcx/redOrBlack/getData/ HTTP/1.1", host: "localhost"
2019/11/12 17:43:34 [notice] 2640#16728: signal process started
2019/11/12 17:44:09 [error] 16164#24884: *27 "F:\nginx\nginx-1.12.2\nginx-1.12.2/html/Jzcx/redOrBlack/getData/index.html" is not found (3: The system cannot find the path specified), client: 127.0.0.1, server: localhost, request: "GET /Jzcx/redOrBlack/getData/ HTTP/1.1", host: "localhost"
2019/11/12 17:47:54 [notice] 20252#28000: signal process started
2019/11/12 17:48:02 [error] 16164#24884: *29 "F:\nginx\nginx-1.12.2\nginx-1.12.2/html/Jzcx/redOrBlack/getData/index.html" is not found (3: The system cannot find the path specified), client: 127.0.0.1, server: localhost, request: "GET /Jzcx/redOrBlack/getData/ HTTP/1.1", host: "localhost"
2019/11/12 17:48:02 [error] 16164#24884: *29 "F:\nginx\nginx-1.12.2\nginx-1.12.2/html/Jzcx/redOrBlack/getData/index.html" is not found (3: The system cannot find the path specified), client: 127.0.0.1, server: localhost, request: "GET /Jzcx/redOrBlack/getData/ HTTP/1.1", host: "localhost"
2019/11/12 17:48:03 [error] 16164#24884: *29 "F:\nginx\nginx-1.12.2\nginx-1.12.2/html/Jzcx/redOrBlack/getData/index.html" is not found (3: The system cannot find the path specified), client: 127.0.0.1, server: localhost, request: "GET /Jzcx/redOrBlack/getData/ HTTP/1.1", host: "localhost"
2019/11/12 17:48:03 [error] 16164#24884: *29 "F:\nginx\nginx-1.12.2\nginx-1.12.2/html/Jzcx/redOrBlack/getData/index.html" is not found (3: The system cannot find the path specified), client: 127.0.0.1, server: localhost, request: "GET /Jzcx/redOrBlack/getData/ HTTP/1.1", host: "localhost"
2019/11/12 17:48:03 [error] 16164#24884: *29 "F:\nginx\nginx-1.12.2\nginx-1.12.2/html/Jzcx/redOrBlack/getData/index.html" is not found (3: The system cannot find the path specified), client: 127.0.0.1, server: localhost, request: "GET /Jzcx/redOrBlack/getData/ HTTP/1.1", host: "localhost"
2019/11/12 17:48:04 [error] 16164#24884: *29 "F:\nginx\nginx-1.12.2\nginx-1.12.2/html/Jzcx/redOrBlack/getData/index.html" is not found (3: The system cannot find the path specified), client: 127.0.0.1, server: localhost, request: "GET /Jzcx/redOrBlack/getData/ HTTP/1.1", host: "localhost"
2019/11/12 17:48:04 [error] 16164#24884: *29 "F:\nginx\nginx-1.12.2\nginx-1.12.2/html/Jzcx/redOrBlack/getData/index.html" is not found (3: The system cannot find the path specified), client: 127.0.0.1, server: localhost, request: "GET /Jzcx/redOrBlack/getData/ HTTP/1.1", host: "localhost"
2019/11/12 17:48:05 [error] 16164#24884: *29 "F:\nginx\nginx-1.12.2\nginx-1.12.2/html/Jzcx/redOrBlack/getData/index.html" is not found (3: The system cannot find the path specified), client: 127.0.0.1, server: localhost, request: "GET /Jzcx/redOrBlack/getData/ HTTP/1.1", host: "localhost"
2019/11/12 17:48:46 [notice] 15660#7040: signal process started
2019/11/12 17:48:54 [error] 16164#24884: *29 "F:\nginx\nginx-1.12.2\nginx-1.12.2/html/Jzcx/redOrBlack/getData/index.html" is not found (3: The system cannot find the path specified), client: 127.0.0.1, server: localhost, request: "GET /Jzcx/redOrBlack/getData/ HTTP/1.1", host: "localhost"
2019/11/12 17:48:54 [error] 16164#24884: *29 "F:\nginx\nginx-1.12.2\nginx-1.12.2/html/Jzcx/redOrBlack/getData/index.html" is not found (3: The system cannot find the path specified), client: 127.0.0.1, server: localhost, request: "GET /Jzcx/redOrBlack/getData/ HTTP/1.1", host: "localhost"
2019/11/12 17:48:55 [error] 16164#24884: *29 "F:\nginx\nginx-1.12.2\nginx-1.12.2/html/Jzcx/redOrBlack/getData/index.html" is not found (3: The system cannot find the path specified), client: 127.0.0.1, server: localhost, request: "GET /Jzcx/redOrBlack/getData/ HTTP/1.1", host: "localhost"
2019/11/12 17:51:09 [notice] 10444#17048: signal process started
2019/11/12 17:51:15 [error] 16164#24884: *31 "F:\nginx\nginx-1.12.2\nginx-1.12.2/html/Jzcx/redOrBlack/getData/index.html" is not found (3: The system cannot find the path specified), client: 127.0.0.1, server: localhost, request: "GET /Jzcx/redOrBlack/getData/ HTTP/1.1", host: "localhost"
2019/11/12 17:51:15 [error] 16164#24884: *31 "F:\nginx\nginx-1.12.2\nginx-1.12.2/html/Jzcx/redOrBlack/getData/index.html" is not found (3: The system cannot find the path specified), client: 127.0.0.1, server: localhost, request: "GET /Jzcx/redOrBlack/getData/ HTTP/1.1", host: "localhost"
2019/11/12 17:51:15 [error] 16164#24884: *31 "F:\nginx\nginx-1.12.2\nginx-1.12.2/html/Jzcx/redOrBlack/getData/index.html" is not found (3: The system cannot find the path specified), client: 127.0.0.1, server: localhost, request: "GET /Jzcx/redOrBlack/getData/ HTTP/1.1", host: "localhost"
2019/11/12 17:51:16 [error] 16164#24884: *31 "F:\nginx\nginx-1.12.2\nginx-1.12.2/html/Jzcx/redOrBlack/getData/index.html" is not found (3: The system cannot find the path specified), client: 127.0.0.1, server: localhost, request: "GET /Jzcx/redOrBlack/getData/ HTTP/1.1", host: "localhost"
2019/11/12 17:51:16 [error] 16164#24884: *31 "F:\nginx\nginx-1.12.2\nginx-1.12.2/html/Jzcx/redOrBlack/getData/index.html" is not found (3: The system cannot find the path specified), client: 127.0.0.1, server: localhost, request: "GET /Jzcx/redOrBlack/getData/ HTTP/1.1", host: "localhost"
2019/11/12 17:51:16 [error] 16164#24884: *31 "F:\nginx\nginx-1.12.2\nginx-1.12.2/html/Jzcx/redOrBlack/getData/index.html" is not found (3: The system cannot find the path specified), client: 127.0.0.1, server: localhost, request: "GET /Jzcx/redOrBlack/getData/ HTTP/1.1", host: "localhost"
2019/11/12 17:51:16 [error] 16164#24884: *31 "F:\nginx\nginx-1.12.2\nginx-1.12.2/html/Jzcx/redOrBlack/getData/index.html" is not found (3: The system cannot find the path specified), client: 127.0.0.1, server: localhost, request: "GET /Jzcx/redOrBlack/getData/ HTTP/1.1", host: "localhost"
2019/11/12 17:51:16 [error] 16164#24884: *31 "F:\nginx\nginx-1.12.2\nginx-1.12.2/html/Jzcx/redOrBlack/getData/index.html" is not found (3: The system cannot find the path specified), client: 127.0.0.1, server: localhost, request: "GET /Jzcx/redOrBlack/getData/ HTTP/1.1", host: "localhost"
2019/11/12 17:51:17 [error] 16164#24884: *31 "F:\nginx\nginx-1.12.2\nginx-1.12.2/html/Jzcx/redOrBlack/getData/index.html" is not found (3: The system cannot find the path specified), client: 127.0.0.1, server: localhost, request: "GET /Jzcx/redOrBlack/getData/ HTTP/1.1", host: "localhost"
2019/11/12 18:02:11 [error] 16164#24884: *33 "F:\nginx\nginx-1.12.2\nginx-1.12.2/html/api/Jzcx/redOrBlack/getData/index.html" is not found (3: The system cannot find the path specified), client: 127.0.0.1, server: localhost, request: "GET /api/Jzcx/redOrBlack/getData/ HTTP/1.1", host: "localhost", referrer: "http://localhost/"
2019/11/12 18:02:47 [error] 16164#24884: *33 "F:\nginx\nginx-1.12.2\nginx-1.12.2/html/Jzcx/redOrBlack/getData/index.html" is not found (3: The system cannot find the path specified), client: 127.0.0.1, server: localhost, request: "GET /Jzcx/redOrBlack/getData/ HTTP/1.1", host: "localhost"
2019/11/12 18:03:52 [error] 16164#24884: *39 "F:\nginx\nginx-1.12.2\nginx-1.12.2/html/Jzcx/redOrBlack/index.html" is not found (3: The system cannot find the path specified), client: 127.0.0.1, server: localhost, request: "GET /Jzcx/redOrBlack/ HTTP/1.1", host: "localhost"
2019/11/12 18:04:21 [notice] 24028#24204: signal process started
2019/11/12 18:04:29 [error] 16164#24884: *39 "F:\nginx\nginx-1.12.2\nginx-1.12.2/html/api/Jzcx/redOrBlack/getData/index.html" is not found (3: The system cannot find the path specified), client: 127.0.0.1, server: localhost, request: "GET /api/Jzcx/redOrBlack/getData/ HTTP/1.1", host: "localhost", referrer: "http://localhost/"
2019/11/12 18:04:30 [error] 16164#24884: *42 "F:\nginx\nginx-1.12.2\nginx-1.12.2/html/api/Jzcx/redOrBlack/getData/index.html" is not found (3: The system cannot find the path specified), client: 127.0.0.1, server: localhost, request: "GET /api/Jzcx/redOrBlack/getData/ HTTP/1.1", host: "localhost", referrer: "http://localhost/"
2019/11/12 18:04:30 [error] 16164#24884: *42 "F:\nginx\nginx-1.12.2\nginx-1.12.2/html/api/Jzcx/redOrBlack/getData/index.html" is not found (3: The system cannot find the path specified), client: 127.0.0.1, server: localhost, request: "GET /api/Jzcx/redOrBlack/getData/ HTTP/1.1", host: "localhost", referrer: "http://localhost/"
2019/11/12 18:04:30 [error] 16164#24884: *39 "F:\nginx\nginx-1.12.2\nginx-1.12.2/html/api/Jzcx/redOrBlack/getData/index.html" is not found (3: The system cannot find the path specified), client: 127.0.0.1, server: localhost, request: "GET /api/Jzcx/redOrBlack/getData/ HTTP/1.1", host: "localhost", referrer: "http://localhost/"
2019/11/12 18:04:31 [error] 16164#24884: *42 "F:\nginx\nginx-1.12.2\nginx-1.12.2/html/api/Jzcx/redOrBlack/getData/index.html" is not found (3: The system cannot find the path specified), client: 127.0.0.1, server: localhost, request: "GET /api/Jzcx/redOrBlack/getData/ HTTP/1.1", host: "localhost", referrer: "http://localhost/"
2019/11/12 18:04:31 [error] 16164#24884: *39 "F:\nginx\nginx-1.12.2\nginx-1.12.2/html/api/Jzcx/redOrBlack/getData/index.html" is not found (3: The system cannot find the path specified), client: 127.0.0.1, server: localhost, request: "GET /api/Jzcx/redOrBlack/getData/ HTTP/1.1", host: "localhost", referrer: "http://localhost/"
2019/11/12 18:04:36 [error] 4548#25032: *1 "F:\nginx\nginx-1.12.2\nginx-1.12.2/html/api/Jzcx/redOrBlack/getData/index.html" is not found (3: The system cannot find the path specified), client: 127.0.0.1, server: localhost, request: "GET /api/Jzcx/redOrBlack/getData/ HTTP/1.1", host: "localhost:8082", referrer: "http://localhost:8082/"
2019/11/12 18:04:36 [error] 4548#25032: *1 CreateFile() "F:\nginx\nginx-1.12.2\nginx-1.12.2/html/favicon.ico" failed (2: The system cannot find the file specified), client: 127.0.0.1, server: localhost, request: "GET /favicon.ico HTTP/1.1", host: "localhost:8082", referrer: "http://localhost:8082/"
2019/11/12 18:05:58 [error] 16164#24884: *45 "F:\nginx\nginx-1.12.2\nginx-1.12.2/html/Jzcx/redOrBlack/index.html" is not found (3: The system cannot find the path specified), client: 127.0.0.1, server: localhost, request: "GET /Jzcx/redOrBlack/ HTTP/1.1", host: "localhost"
2019/11/12 18:08:31 [error] 4548#25032: *11 "F:\nginx\nginx-1.12.2\nginx-1.12.2/html/api/Jzcx/redOrBlack/getData/index.html" is not found (3: The system cannot find the path specified), client: 127.0.0.1, server: localhost, request: "GET /api/Jzcx/redOrBlack/getData/ HTTP/1.1", host: "localhost:8082", referrer: "http://localhost:8082/"
2019/11/12 18:10:20 [error] 4548#25032: *17 "F:\nginx\nginx-1.12.2\nginx-1.12.2/html/api/Jzcx/redOrBlack/getData/index.html" is not found (3: The system cannot find the path specified), client: 127.0.0.1, server: localhost, request: "GET /api/Jzcx/redOrBlack/getData/ HTTP/1.1", host: "localhost:8082"
2019/11/12 18:11:14 [error] 4548#25032: *17 "F:\nginx\nginx-1.12.2\nginx-1.12.2/html/api/Jzcx/redOrBlack/getData/index.html" is not found (3: The system cannot find the path specified), client: 127.0.0.1, server: localhost, request: "GET /api/Jzcx/redOrBlack/getData/ HTTP/1.1", host: "localhost:8082", referrer: "http://localhost:8082/"
2019/11/12 18:14:38 [error] 4548#25032: *24 "F:\nginx\nginx-1.12.2\nginx-1.12.2/html/api/Jzcx/redOrBlack/getData/index.html" is not found (3: The system cannot find the path specified), client: 127.0.0.1, server: localhost, request: "GET /api/Jzcx/redOrBlack/getData/ HTTP/1.1", host: "localhost:8082", referrer: "http://localhost:8082/"
2019/11/12 18:14:55 [notice] 29392#2924: signal process started
2019/11/12 18:15:17 [notice] 20860#8480: signal process started
2019/11/12 18:15:17 [error] 20860#8480: CreateFile() "F:\nginx\nginx-1.12.2\nginx-1.12.2/logs/nginx.pid" failed (2: The system cannot find the file specified)
2019/11/12 18:15:33 [error] 3168#18884: *1 "F:\nginx\nginx-1.12.2\nginx-1.12.2/html/api/Jzcx/redOrBlack/getData/index.html" is not found (3: The system cannot find the path specified), client: 127.0.0.1, server: localhost, request: "GET /api/Jzcx/redOrBlack/getData/ HTTP/1.1", host: "localhost:8082", referrer: "http://localhost:8082/"
2019/11/12 18:15:44 [error] 3168#18884: *1 "F:\nginx\nginx-1.12.2\nginx-1.12.2/html/api/Jzcx/redOrBlack/getData/index.html" is not found (3: The system cannot find the path specified), client: 127.0.0.1, server: localhost, request: "GET /api/Jzcx/redOrBlack/getData/ HTTP/1.1", host: "localhost:8082"
2019/11/12 18:17:42 [error] 3168#18884: *7 "F:\nginx\nginx-1.12.2\nginx-1.12.2/html/api/Jzcx/redOrBlack/getData/index.html" is not found (3: The system cannot find the path specified), client: 127.0.0.1, server: localhost, request: "GET /api/Jzcx/redOrBlack/getData/ HTTP/1.1", host: "localhost:8082"
2019/11/12 18:17:48 [notice] 22864#28724: signal process started
2019/11/12 18:17:58 [notice] 6508#6540: signal process started
2019/11/12 18:17:58 [error] 6508#6540: CreateFile() "F:\nginx\nginx-1.12.2\nginx-1.12.2/logs/nginx.pid" failed (2: The system cannot find the file specified)
2019/11/13 09:26:51 [notice] 27844#23112: signal process started
2019/11/14 16:57:13 [error] 27468#25232: *2 CreateFile() "F:\nginx\nginx-1.12.2\nginx-1.12.2/html/apiJzcx/redOrBlack/second" failed (3: The system cannot find the path specified), client: 127.0.0.1, server: localhost, request: "POST /apiJzcx/redOrBlack/second HTTP/1.1", host: "localhost:8082", referrer: "http://localhost:8082/redOrBlack"
2019/11/14 16:57:13 [error] 27468#25232: *2 CreateFile() "F:\nginx\nginx-1.12.2\nginx-1.12.2/html/static/css/static/fonts/element-icons.535877f.woff" failed (3: The system cannot find the path specified), client: 127.0.0.1, server: localhost, request: "GET /static/css/static/fonts/element-icons.535877f.woff HTTP/1.1", host: "localhost:8082", referrer: "http://localhost:8082/static/css/app.2a0ee8cff91aa7eb505a131812c0f4c6.css"
2019/11/14 16:57:13 [error] 27468#25232: *2 CreateFile() "F:\nginx\nginx-1.12.2\nginx-1.12.2/html/static/css/static/fonts/element-icons.732389d.ttf" failed (3: The system cannot find the path specified), client: 127.0.0.1, server: localhost, request: "GET /static/css/static/fonts/element-icons.732389d.ttf HTTP/1.1", host: "localhost:8082", referrer: "http://localhost:8082/static/css/app.2a0ee8cff91aa7eb505a131812c0f4c6.css"
2019/11/14 16:59:03 [notice] 19992#4396: signal process started
2019/11/14 17:00:10 [error] 28116#3256: *2 CreateFile() "F:\nginx\nginx-1.12.2\nginx-1.12.2/html/apiJzcx/redOrBlack/second" failed (3: The system cannot find the path specified), client: 127.0.0.1, server: localhost, request: "POST /apiJzcx/redOrBlack/second HTTP/1.1", host: "localhost:8082", referrer: "http://localhost:8082/redOrBlack"
2019/11/14 17:00:10 [error] 28116#3256: *3 CreateFile() "F:\nginx\nginx-1.12.2\nginx-1.12.2/html/static/css/static/fonts/element-icons.535877f.woff" failed (3: The system cannot find the path specified), client: 127.0.0.1, server: localhost, request: "GET /static/css/static/fonts/element-icons.535877f.woff HTTP/1.1", host: "localhost:8082", referrer: "http://localhost:8082/static/css/app.2a0ee8cff91aa7eb505a131812c0f4c6.css"
2019/11/14 17:00:10 [error] 28116#3256: *3 CreateFile() "F:\nginx\nginx-1.12.2\nginx-1.12.2/html/static/css/static/fonts/element-icons.732389d.ttf" failed (3: The system cannot find the path specified), client: 127.0.0.1, server: localhost, request: "GET /static/css/static/fonts/element-icons.732389d.ttf HTTP/1.1", host: "localhost:8082", referrer: "http://localhost:8082/static/css/app.2a0ee8cff91aa7eb505a131812c0f4c6.css"
2019/11/14 17:01:09 [error] 28116#3256: *3 CreateFile() "F:\nginx\nginx-1.12.2\nginx-1.12.2/html/apiJzcx/redOrBlack/second" failed (3: The system cannot find the path specified), client: 127.0.0.1, server: localhost, request: "GET /apiJzcx/redOrBlack/second HTTP/1.1", host: "localhost:8082"
2019/11/14 17:04:02 [notice] 22568#31400: signal process started
2019/11/14 17:04:21 [error] 14692#3892: *2 CreateFile() "F:\nginx\nginx-1.12.2\nginx-1.12.2/html/static/css/static/fonts/element-icons.535877f.woff" failed (3: The system cannot find the path specified), client: 127.0.0.1, server: localhost, request: "GET /static/css/static/fonts/element-icons.535877f.woff HTTP/1.1", host: "localhost:8082", referrer: "http://localhost:8082/static/css/app.2a0ee8cff91aa7eb505a131812c0f4c6.css"
2019/11/14 17:04:21 [error] 14692#3892: *2 CreateFile() "F:\nginx\nginx-1.12.2\nginx-1.12.2/html/static/css/static/fonts/element-icons.732389d.ttf" failed (3: The system cannot find the path specified), client: 127.0.0.1, server: localhost, request: "GET /static/css/static/fonts/element-icons.732389d.ttf HTTP/1.1", host: "localhost:8082", referrer: "http://localhost:8082/static/css/app.2a0ee8cff91aa7eb505a131812c0f4c6.css"
2019/11/14 17:05:00 [error] 14692#3892: *1 CreateFile() "F:\nginx\nginx-1.12.2\nginx-1.12.2/html/static/css/static/fonts/element-icons.535877f.woff" failed (3: The system cannot find the path specified), client: 127.0.0.1, server: localhost, request: "GET /static/css/static/fonts/element-icons.535877f.woff HTTP/1.1", host: "localhost:8082"
2019/11/14 17:13:46 [notice] 18328#30796: signal process started
2019/11/14 17:14:32 [error] 18100#31476: *4 CreateFile() "F:\nginx\nginx-1.12.2\nginx-1.12.2/html/static/css/static/fonts/element-icons.535877f.woff" failed (3: The system cannot find the path specified), client: 127.0.0.1, server: localhost, request: "GET /static/css/static/fonts/element-icons.535877f.woff HTTP/1.1", host: "localhost:8082", referrer: "http://localhost:8082/static/css/app.43c788ee846b0e91ed40387f93d64926.css"
2019/11/14 17:14:32 [error] 18100#31476: *4 CreateFile() "F:\nginx\nginx-1.12.2\nginx-1.12.2/html/static/css/static/fonts/element-icons.732389d.ttf" failed (3: The system cannot find the path specified), client: 127.0.0.1, server: localhost, request: "GET /static/css/static/fonts/element-icons.732389d.ttf HTTP/1.1", host: "localhost:8082", referrer: "http://localhost:8082/static/css/app.43c788ee846b0e91ed40387f93d64926.css"
2019/11/14 17:14:42 [error] 18100#31476: *1 CreateFile() "F:\nginx\nginx-1.12.2\nginx-1.12.2/html/Jzcx/corpTypeCount/second" failed (3: The system cannot find the path specified), client: 127.0.0.1, server: localhost, request: "GET /Jzcx/corpTypeCount/second HTTP/1.1", host: "localhost:8082", referrer: "http://localhost:8082/corpTypeCount"
2019/11/14 17:15:00 [error] 18100#31476: *1 CreateFile() "F:\nginx\nginx-1.12.2\nginx-1.12.2/html/Jzcx/corpTypeCount/second" failed (3: The system cannot find the path specified), client: 127.0.0.1, server: localhost, request: "GET /Jzcx/corpTypeCount/second HTTP/1.1", host: "localhost:8082", referrer: "http://localhost:8082/corpTypeCount"
2019/11/14 17:16:13 [error] 18100#31476: *1 CreateFile() "F:\nginx\nginx-1.12.2\nginx-1.12.2/html/redOrBlack" failed (2: The system cannot find the file specified), client: 127.0.0.1, server: localhost, request: "GET /redOrBlack HTTP/1.1", host: "localhost:8082"
2019/11/14 17:16:24 [error] 18100#31476: *13 CreateFile() "F:\nginx\nginx-1.12.2\nginx-1.12.2/html/static/css/static/fonts/element-icons.535877f.woff" failed (3: The system cannot find the path specified), client: 127.0.0.1, server: localhost, request: "GET /static/css/static/fonts/element-icons.535877f.woff HTTP/1.1", host: "localhost:8082", referrer: "http://localhost:8082/static/css/app.43c788ee846b0e91ed40387f93d64926.css"
2019/11/14 17:16:24 [error] 18100#31476: *13 CreateFile() "F:\nginx\nginx-1.12.2\nginx-1.12.2/html/static/css/static/fonts/element-icons.732389d.ttf" failed (3: The system cannot find the path specified), client: 127.0.0.1, server: localhost, request: "GET /static/css/static/fonts/element-icons.732389d.ttf HTTP/1.1", host: "localhost:8082", referrer: "http://localhost:8082/static/css/app.43c788ee846b0e91ed40387f93d64926.css"
2019/11/14 17:19:28 [error] 18100#31476: *19 CreateFile() "F:\nginx\nginx-1.12.2\nginx-1.12.2/html/static/css/static/fonts/element-icons.535877f.woff" failed (3: The system cannot find the path specified), client: 127.0.0.1, server: localhost, request: "GET /static/css/static/fonts/element-icons.535877f.woff HTTP/1.1", host: "localhost:8082"
2019/11/14 17:19:36 [error] 18100#31476: *19 CreateFile() "F:\nginx\nginx-1.12.2\nginx-1.12.2/html/redOrBlack" failed (2: The system cannot find the file specified), client: 127.0.0.1, server: localhost, request: "GET /redOrBlack HTTP/1.1", host: "localhost:8082"
2019/11/14 17:19:52 [error] 18100#31476: *19 CreateFile() "F:\nginx\nginx-1.12.2\nginx-1.12.2/html/Jzcx/corpTypeCount/second" failed (3: The system cannot find the path specified), client: 127.0.0.1, server: localhost, request: "GET /Jzcx/corpTypeCount/second HTTP/1.1", host: "localhost:8082", referrer: "http://localhost:8082/corpTypeCount"
2019/11/14 17:20:04 [error] 18100#31476: *19 CreateFile() "F:\nginx\nginx-1.12.2\nginx-1.12.2/html/static/css/static/fonts/element-icons.535877f.woff" failed (3: The system cannot find the path specified), client: 127.0.0.1, server: localhost, request: "GET /static/css/static/fonts/element-icons.535877f.woff HTTP/1.1", host: "localhost:8082", referrer: "http://localhost:8082/static/css/app.43c788ee846b0e91ed40387f93d64926.css"
2019/11/14 17:20:04 [error] 18100#31476: *19 CreateFile() "F:\nginx\nginx-1.12.2\nginx-1.12.2/html/static/css/static/fonts/element-icons.732389d.ttf" failed (3: The system cannot find the path specified), client: 127.0.0.1, server: localhost, request: "GET /static/css/static/fonts/element-icons.732389d.ttf HTTP/1.1", host: "localhost:8082", referrer: "http://localhost:8082/static/css/app.43c788ee846b0e91ed40387f93d64926.css"
2019/11/14 17:20:27 [error] 18100#31476: *21 CreateFile() "F:\nginx\nginx-1.12.2\nginx-1.12.2/html/static/css/static/fonts/element-icons.535877f.woff" failed (3: The system cannot find the path specified), client: 127.0.0.1, server: localhost, request: "GET /static/css/static/fonts/element-icons.535877f.woff HTTP/1.1", host: "localhost:8082", referrer: "http://localhost:8082/static/css/app.43c788ee846b0e91ed40387f93d64926.css"
2019/11/14 17:20:27 [error] 18100#31476: *21 CreateFile() "F:\nginx\nginx-1.12.2\nginx-1.12.2/html/static/css/static/fonts/element-icons.732389d.ttf" failed (3: The system cannot find the path specified), client: 127.0.0.1, server: localhost, request: "GET /static/css/static/fonts/element-icons.732389d.ttf HTTP/1.1", host: "localhost:8082", referrer: "http://localhost:8082/static/css/app.43c788ee846b0e91ed40387f93d64926.css"
2019/11/14 17:24:47 [error] 18100#31476: *39 CreateFile() "F:\nginx\nginx-1.12.2\nginx-1.12.2/html/redOrBlack" failed (2: The system cannot find the file specified), client: 127.0.0.1, server: localhost, request: "GET /redOrBlack HTTP/1.1", host: "localhost:8082"
2019/11/14 17:25:05 [error] 18100#31476: *39 CreateFile() "F:\nginx\nginx-1.12.2\nginx-1.12.2/html/Jzcx/corpTypeCount/second" failed (3: The system cannot find the path specified), client: 127.0.0.1, server: localhost, request: "GET /Jzcx/corpTypeCount/second HTTP/1.1", host: "localhost:8082", referrer: "http://localhost:8082/corpTypeCount"
2019/11/14 17:29:15 [error] 16164#24884: *49 CreateFile() "F:\nginx\nginx-1.12.2\nginx-1.12.2/html/nice ports,/Trinity.txt.bak" failed (3: The system cannot find the path specified), client: 192.168.2.168, server: localhost, request: "GET /nice%20ports%2C/Tri%6Eity.txt%2ebak HTTP/1.0"
2019/11/14 17:30:37 [notice] 31556#31392: signal process started
2019/11/14 17:30:57 [error] 31400#31308: *3 CreateFile() "F:\nginx\nginx-1.12.2\nginx-1.12.2/html/Jzcx/corpTypeCount/second" failed (3: The system cannot find the path specified), client: 127.0.0.1, server: localhost, request: "POST /Jzcx/corpTypeCount/second HTTP/1.1", host: "localhost:8082", referrer: "http://localhost:8082/corpTypeCount"
2019/11/14 17:31:14 [error] 31400#31308: *3 CreateFile() "F:\nginx\nginx-1.12.2\nginx-1.12.2/html/Jzcx/corpTypeCount/second" failed (3: The system cannot find the path specified), client: 127.0.0.1, server: localhost, request: "GET /Jzcx/corpTypeCount/second HTTP/1.1", host: "localhost:8082"
2019/11/14 17:31:41 [error] 31400#31308: *2 CreateFile() "F:\nginx\nginx-1.12.2\nginx-1.12.2/html/static/css/static/fonts/element-icons.535877f.woff" failed (3: The system cannot find the path specified), client: 127.0.0.1, server: localhost, request: "GET /static/css/static/fonts/element-icons.535877f.woff HTTP/1.1", host: "localhost:8082", referrer: "http://localhost:8082/static/css/app.951bc92cf576177b194c18b0369086d6.css"
2019/11/14 17:31:41 [error] 31400#31308: *2 CreateFile() "F:\nginx\nginx-1.12.2\nginx-1.12.2/html/static/css/static/fonts/element-icons.732389d.ttf" failed (3: The system cannot find the path specified), client: 127.0.0.1, server: localhost, request: "GET /static/css/static/fonts/element-icons.732389d.ttf HTTP/1.1", host: "localhost:8082", referrer: "http://localhost:8082/static/css/app.951bc92cf576177b194c18b0369086d6.css"
2019/11/14 17:32:14 [error] 31400#31308: *3 CreateFile() "F:\nginx\nginx-1.12.2\nginx-1.12.2/html/Jzcx/corpTypeCount/second" failed (3: The system cannot find the path specified), client: 127.0.0.1, server: localhost, request: "POST /Jzcx/corpTypeCount/second HTTP/1.1", host: "localhost:8082", referrer: "http://localhost:8082/corpTypeCount"
2019/11/14 17:32:59 [error] 31400#31308: *3 CreateFile() "F:\nginx\nginx-1.12.2\nginx-1.12.2/html/Jzcx/corpTypeCount/second" failed (3: The system cannot find the path specified), client: 127.0.0.1, server: localhost, request: "GET /Jzcx/corpTypeCount/second HTTP/1.1", host: "localhost:8082"
2019/11/14 17:33:14 [error] 31400#31308: *3 CreateFile() "F:\nginx\nginx-1.12.2\nginx-1.12.2/html/Jzcx/corpTypeCount/second" failed (3: The system cannot find the path specified), client: 127.0.0.1, server: localhost, request: "GET /Jzcx/corpTypeCount/second HTTP/1.1", host: "localhost:8082"
2019/11/14 17:34:40 [emerg] 10916#31296: duplicate location "/" in F:\nginx\nginx-1.12.2\nginx-1.12.2/conf/nginx.conf:53
2019/11/14 17:34:50 [emerg] 17972#30916: duplicate location "/" in F:\nginx\nginx-1.12.2\nginx-1.12.2/conf/nginx.conf:53
2019/11/14 17:35:11 [notice] 13672#31628: signal process started
2019/11/14 17:35:45 [error] 23168#19892: *2 CreateFile() "F:\nginx\nginx-1.12.2\nginx-1.12.2/html/static/css/static/fonts/element-icons.535877f.woff" failed (3: The system cannot find the path specified), client: 127.0.0.1, server: localhost, request: "GET /static/css/static/fonts/element-icons.535877f.woff HTTP/1.1", host: "localhost:8082", referrer: "http://localhost:8082/static/css/app.951bc92cf576177b194c18b0369086d6.css"
2019/11/14 17:35:45 [error] 23168#19892: *2 CreateFile() "F:\nginx\nginx-1.12.2\nginx-1.12.2/html/static/css/static/fonts/element-icons.732389d.ttf" failed (3: The system cannot find the path specified), client: 127.0.0.1, server: localhost, request: "GET /static/css/static/fonts/element-icons.732389d.ttf HTTP/1.1", host: "localhost:8082", referrer: "http://localhost:8082/static/css/app.951bc92cf576177b194c18b0369086d6.css"
2019/11/14 17:36:34 [error] 23168#19892: *12 CreateFile() "F:\nginx\nginx-1.12.2\nginx-1.12.2/html/static/css/static/fonts/element-icons.535877f.woff" failed (3: The system cannot find the path specified), client: 127.0.0.1, server: localhost, request: "GET /static/css/static/fonts/element-icons.535877f.woff HTTP/1.1", host: "localhost:8082", referrer: "http://localhost:8082/static/css/app.951bc92cf576177b194c18b0369086d6.css"
2019/11/14 17:36:34 [error] 23168#19892: *12 CreateFile() "F:\nginx\nginx-1.12.2\nginx-1.12.2/html/static/css/static/fonts/element-icons.732389d.ttf" failed (3: The system cannot find the path specified), client: 127.0.0.1, server: localhost, request: "GET /static/css/static/fonts/element-icons.732389d.ttf HTTP/1.1", host: "localhost:8082", referrer: "http://localhost:8082/static/css/app.951bc92cf576177b194c18b0369086d6.css"
2019/11/14 17:37:16 [error] 16164#24884: *53 CreateFile() "F:\nginx\nginx-1.12.2\nginx-1.12.2/html/nice ports,/Trinity.txt.bak" failed (3: The system cannot find the path specified), client: 192.168.2.168, server: localhost, request: "GET /nice%20ports%2C/Tri%6Eity.txt%2ebak HTTP/1.0"
2019/11/14 17:40:27 [notice] 31624#24568: signal process started
2019/11/14 17:43:08 [notice] 18092#29748: signal process started
2019/11/14 17:43:23 [error] 28376#20296: *1 CreateFile() "F:\nginx\nginx-1.12.2\nginx-1.12.2/html/static/css/static/fonts/element-icons.535877f.woff" failed (3: The system cannot find the path specified), client: 127.0.0.1, server: localhost, request: "GET /static/css/static/fonts/element-icons.535877f.woff HTTP/1.1", host: "localhost:8082", referrer: "http://localhost:8082/static/css/app.951bc92cf576177b194c18b0369086d6.css"
2019/11/14 17:43:23 [error] 28376#20296: *1 CreateFile() "F:\nginx\nginx-1.12.2\nginx-1.12.2/html/static/css/static/fonts/element-icons.732389d.ttf" failed (3: The system cannot find the path specified), client: 127.0.0.1, server: localhost, request: "GET /static/css/static/fonts/element-icons.732389d.ttf HTTP/1.1", host: "localhost:8082", referrer: "http://localhost:8082/static/css/app.951bc92cf576177b194c18b0369086d6.css"
2019/11/14 17:48:07 [notice] 31636#28380: signal process started
2019/11/14 17:48:32 [error] 20896#31488: *3 CreateFile() "F:\nginx\nginx-1.12.2\nginx-1.12.2/html/static/css/static/fonts/element-icons.535877f.woff" failed (3: The system cannot find the path specified), client: 127.0.0.1, server: localhost, request: "GET /static/css/static/fonts/element-icons.535877f.woff HTTP/1.1", host: "localhost:8082", referrer: "http://localhost:8082/static/css/app.951bc92cf576177b194c18b0369086d6.css"
2019/11/14 17:48:32 [error] 20896#31488: *3 CreateFile() "F:\nginx\nginx-1.12.2\nginx-1.12.2/html/static/css/static/fonts/element-icons.732389d.ttf" failed (3: The system cannot find the path specified), client: 127.0.0.1, server: localhost, request: "GET /static/css/static/fonts/element-icons.732389d.ttf HTTP/1.1", host: "localhost:8082", referrer: "http://localhost:8082/static/css/app.951bc92cf576177b194c18b0369086d6.css"
2019/11/14 17:53:46 [notice] 31300#29396: signal process started
2019/11/14 18:02:13 [notice] 31152#23672: signal process started
2019/11/14 18:23:09 [error] 12236#26612: *8 CreateFile() "F:\nginx\nginx-1.12.2\nginx-1.12.2/html/redOrBlack" failed (2: The system cannot find the file specified), client: 127.0.0.1, server: localhost, request: "GET /redOrBlack HTTP/1.1", host: "localhost:8082"
2019/11/15 08:48:01 [notice] 1340#32616: signal process started
2019/11/15 09:09:10 [notice] 15272#9948: signal process started
2019/11/15 09:12:26 [notice] 15276#15068: signal process started
2019/11/15 09:12:26 [error] 15276#15068: CreateFile() "F:\nginx\nginx-1.12.2\nginx-1.12.2/logs/nginx.pid" failed (2: The system cannot find the file specified)
2019/11/15 09:13:52 [error] 30608#32380: *1 CreateFile() "F:\nginx\nginx-1.12.2\nginx-1.12.2/html/redOrBlack" failed (2: The system cannot find the file specified), client: 127.0.0.1, server: localhost, request: "GET /redOrBlack HTTP/1.1", host: "localhost:8082"
2019/11/15 09:20:23 [notice] 32184#29316: signal process started
2019/11/15 09:26:13 [notice] 29708#22392: signal process started
2019/11/15 09:26:48 [error] 16108#13464: *2 CreateFile() "F:\nginx\nginx-1.12.2\nginx-1.12.2/html/redOrBlack" failed (2: The system cannot find the file specified), client: 127.0.0.1, server: localhost, request: "GET /redOrBlack HTTP/1.1", host: "localhost:8082"
2019/11/15 09:33:45 [notice] 31100#32212: signal process started
2019/11/15 09:34:28 [error] 2340#31592: *2 CreateFile() "F:\nginx\nginx-1.12.2\nginx-1.12.2/html/redOrBlack" failed (2: The system cannot find the file specified), client: 127.0.0.1, server: localhost, request: "GET /redOrBlack HTTP/1.1", host: "localhost:8082"
2019/11/15 09:35:08 [notice] 25664#2512: signal process started
2019/11/15 09:35:42 [notice] 31556#31828: signal process started
2019/11/15 09:41:21 [notice] 11392#18140: signal process started
2019/11/15 10:04:59 [error] 7048#25092: *1 CreateFile() "F:\nginx\nginx-1.12.2\nginx-1.12.2/html/sockjs-node/info" failed (3: The system cannot find the path specified), client: 127.0.0.1, server: localhost, request: "GET /sockjs-node/info?t=1573783499937 HTTP/1.1", host: "localhost:8082", referrer: "http://localhost:8082/"
2019/11/15 10:07:11 [error] 7048#25092: *13 CreateFile() "F:\nginx\nginx-1.12.2\nginx-1.12.2/html/sockjs-node/info" failed (3: The system cannot find the path specified), client: 127.0.0.1, server: localhost, request: "GET /sockjs-node/info?t=1573783630936 HTTP/1.1", host: "localhost:8082", referrer: "http://localhost:8082/"
2019/11/15 10:11:30 [error] 7048#25092: *15 CreateFile() "F:\nginx\nginx-1.12.2\nginx-1.12.2/html/sockjs-node/info" failed (3: The system cannot find the path specified), client: 127.0.0.1, server: localhost, request: "GET /sockjs-node/info?t=1573783889936 HTTP/1.1", host: "localhost:8082", referrer: "http://localhost:8082/"
2019/11/15 10:20:05 [error] 7048#25092: *17 CreateFile() "F:\nginx\nginx-1.12.2\nginx-1.12.2/html/sockjs-node/info" failed (3: The system cannot find the path specified), client: 127.0.0.1, server: localhost, request: "GET /sockjs-node/info?t=1573784404938 HTTP/1.1", host: "localhost:8082", referrer: "http://localhost:8082/"
2019/11/15 10:30:55 [notice] 24840#13464: signal process started
2019/11/15 10:31:21 [error] 26344#31796: *5 CreateFile() "F:\nginx\nginx-1.12.2\nginx-1.12.2/html/favicon.ico" failed (2: The system cannot find the file specified), client: 127.0.0.1, server: localhost, request: "GET /favicon.ico HTTP/1.1", host: "localhost:8091", referrer: "http://localhost:8091/"
2019/11/15 10:32:22 [error] 26344#31796: *5 upstream timed out (10060: A connection attempt failed because the connected party did not properly respond after a period of time, or established connection failed because connected host has failed to respond) while connecting to upstream, client: 127.0.0.1, server: localhost, request: "POST /Jzcx/redOrBlack/second HTTP/1.1", upstream: "http://192.168.101.150:8081/Jzcx/redOrBlack/second", host: "localhost:8091", referrer: "http://localhost:8091/"
2019/11/15 11:13:07 [notice] 7080#19628: signal process started
2019/11/15 11:13:16 [error] 14480#17832: *1 "F:/usr/local/nginx/html/index.html" is not found (3: The system cannot find the path specified), client: 127.0.0.1, server: localhost, request: "GET / HTTP/1.1", host: "localhost:8091"
2019/11/15 11:13:30 [error] 14480#17832: *1 CreateFile() "F:\nginx\nginx-1.12.2\nginx-1.12.2/html/Jzcx/index" failed (3: The system cannot find the path specified), client: 127.0.0.1, server: localhost, request: "GET /Jzcx/index HTTP/1.1", host: "localhost:8091"
2019/11/15 11:13:36 [error] 14480#17832: *1 CreateFile() "F:\nginx\nginx-1.12.2\nginx-1.12.2/html/Jzcx/index" failed (3: The system cannot find the path specified), client: 127.0.0.1, server: localhost, request: "GET /Jzcx/index HTTP/1.1", host: "localhost:8091"
2019/11/15 11:17:35 [notice] 32636#13760: signal process started
2019/11/15 11:17:41 [error] 20648#31984: *1 CreateFile() "F:\nginx\nginx-1.12.2\nginx-1.12.2/html/Jzcx/index" failed (3: The system cannot find the path specified), client: 127.0.0.1, server: localhost, request: "GET /Jzcx/index HTTP/1.1", host: "localhost:8091"
2019/11/15 11:17:43 [error] 20648#31984: *1 CreateFile() "F:\nginx\nginx-1.12.2\nginx-1.12.2/html/Jzcx/index" failed (3: The system cannot find the path specified), client: 127.0.0.1, server: localhost, request: "GET /Jzcx/index HTTP/1.1", host: "localhost:8091"
2019/11/15 11:17:43 [error] 20648#31984: *1 CreateFile() "F:\nginx\nginx-1.12.2\nginx-1.12.2/html/Jzcx/index" failed (3: The system cannot find the path specified), client: 127.0.0.1, server: localhost, request: "GET /Jzcx/index HTTP/1.1", host: "localhost:8091"
2019/11/15 11:17:43 [error] 20648#31984: *1 CreateFile() "F:\nginx\nginx-1.12.2\nginx-1.12.2/html/Jzcx/index" failed (3: The system cannot find the path specified), client: 127.0.0.1, server: localhost, request: "GET /Jzcx/index HTTP/1.1", host: "localhost:8091"
2019/11/15 11:17:44 [error] 20648#31984: *1 CreateFile() "F:\nginx\nginx-1.12.2\nginx-1.12.2/html/Jzcx/index" failed (3: The system cannot find the path specified), client: 127.0.0.1, server: localhost, request: "GET /Jzcx/index HTTP/1.1", host: "localhost:8091"
2019/11/15 11:17:44 [error] 20648#31984: *1 CreateFile() "F:\nginx\nginx-1.12.2\nginx-1.12.2/html/Jzcx/index" failed (3: The system cannot find the path specified), client: 127.0.0.1, server: localhost, request: "GET /Jzcx/index HTTP/1.1", host: "localhost:8091"
2019/11/15 11:17:44 [error] 20648#31984: *1 CreateFile() "F:\nginx\nginx-1.12.2\nginx-1.12.2/html/Jzcx/index" failed (3: The system cannot find the path specified), client: 127.0.0.1, server: localhost, request: "GET /Jzcx/index HTTP/1.1", host: "localhost:8091"
2019/11/15 11:17:44 [error] 20648#31984: *1 CreateFile() "F:\nginx\nginx-1.12.2\nginx-1.12.2/html/Jzcx/index" failed (3: The system cannot find the path specified), client: 127.0.0.1, server: localhost, request: "GET /Jzcx/index HTTP/1.1", host: "localhost:8091"
2019/11/15 11:17:45 [error] 20648#31984: *1 CreateFile() "F:\nginx\nginx-1.12.2\nginx-1.12.2/html/Jzcx/index" failed (3: The system cannot find the path specified), client: 127.0.0.1, server: localhost, request: "GET /Jzcx/index HTTP/1.1", host: "localhost:8091"
2019/11/15 11:17:45 [error] 20648#31984: *1 CreateFile() "F:\nginx\nginx-1.12.2\nginx-1.12.2/html/Jzcx/index" failed (3: The system cannot find the path specified), client: 127.0.0.1, server: localhost, request: "GET /Jzcx/index HTTP/1.1", host: "localhost:8091"
2019/11/15 11:17:45 [error] 20648#31984: *1 CreateFile() "F:\nginx\nginx-1.12.2\nginx-1.12.2/html/Jzcx/index" failed (3: The system cannot find the path specified), client: 127.0.0.1, server: localhost, request: "GET /Jzcx/index HTTP/1.1", host: "localhost:8091"
2019/11/15 11:17:53 [error] 20648#31984: *1 CreateFile() "F:\nginx\nginx-1.12.2\nginx-1.12.2/html/Jzcx/index" failed (3: The system cannot find the path specified), client: 127.0.0.1, server: localhost, request: "GET /Jzcx/index HTTP/1.1", host: "localhost:8091"
2019/11/15 11:18:28 [error] 20648#31984: *1 "F:/usr/local/nginx/html/index.html" is not found (3: The system cannot find the path specified), client: 127.0.0.1, server: localhost, request: "GET / HTTP/1.1", host: "localhost:8091"
2019/11/15 11:19:58 [error] 20648#31984: *3 "F:/usr/local/nginx/html/index.html" is not found (3: The system cannot find the path specified), client: 127.0.0.1, server: localhost, request: "GET / HTTP/1.1", host: "localhost:8091"
2019/11/15 11:19:59 [error] 20648#31984: *3 "F:/usr/local/nginx/html/index.html" is not found (3: The system cannot find the path specified), client: 127.0.0.1, server: localhost, request: "GET / HTTP/1.1", host: "localhost:8091"
2019/11/15 11:21:22 [error] 20648#31984: *5 "F:/usr/local/nginx/html/index.html" is not found (3: The system cannot find the path specified), client: 127.0.0.1, server: localhost, request: "GET / HTTP/1.1", host: "localhost:8091"
2019/11/15 11:25:21 [notice] 31232#25920: signal process started
2019/11/15 11:28:32 [notice] 11432#18568: signal process started
2019/11/15 14:15:12 [notice] 32884#20460: signal process started
2019/11/15 14:15:12 [error] 32884#20460: CreateFile() "F:\nginx\nginx-1.12.2\nginx-1.12.2/logs/nginx.pid" failed (2: The system cannot find the file specified)
2019/11/15 14:16:01 [error] 33252#16864: *4 CreateFile() "F:\nginx\nginx-1.12.2\nginx-1.12.2/html/favicon.ico" failed (2: The system cannot find the file specified), client: 127.0.0.1, server: localhost, request: "GET /favicon.ico HTTP/1.1", host: "localhost:8081", referrer: "http://localhost:8081/"
2019/11/15 14:46:55 [notice] 30168#12876: signal process started
2019/11/15 14:56:47 [notice] 10956#33436: signal process started
2019/11/15 14:56:47 [error] 10956#33436: CreateFile() "F:\nginx\nginx-1.12.2\nginx-1.12.2/logs/nginx.pid" failed (2: The system cannot find the file specified)
2019/11/15 15:03:35 [notice] 31024#33460: signal process started
2019/11/15 15:09:18 [notice] 33480#34236: signal process started
2019/11/15 15:10:44 [notice] 18012#22632: signal process started
2019/11/15 15:10:51 [error] 33124#32788: *1 CreateFile() "F:/usr/local/nginx/html/index.html" failed (3: The system cannot find the path specified), client: 127.0.0.1, server: localhost, request: "GET /Jzcx/index HTTP/1.1", host: "localhost:8081"
2019/11/15 15:10:52 [error] 33124#32788: *1 CreateFile() "F:/usr/local/nginx/html/index.html" failed (3: The system cannot find the path specified), client: 127.0.0.1, server: localhost, request: "GET /Jzcx/index HTTP/1.1", host: "localhost:8081"
2019/11/15 15:10:53 [error] 33124#32788: *1 CreateFile() "F:/usr/local/nginx/html/index.html" failed (3: The system cannot find the path specified), client: 127.0.0.1, server: localhost, request: "GET /Jzcx/index HTTP/1.1", host: "localhost:8081"
2019/11/15 15:10:53 [error] 33124#32788: *1 CreateFile() "F:/usr/local/nginx/html/index.html" failed (3: The system cannot find the path specified), client: 127.0.0.1, server: localhost, request: "GET /Jzcx/index HTTP/1.1", host: "localhost:8081"
2019/11/15 15:10:53 [error] 33124#32788: *1 CreateFile() "F:/usr/local/nginx/html/index.html" failed (3: The system cannot find the path specified), client: 127.0.0.1, server: localhost, request: "GET /Jzcx/index HTTP/1.1", host: "localhost:8081"
2019/11/15 15:10:53 [error] 33124#32788: *1 CreateFile() "F:/usr/local/nginx/html/index.html" failed (3: The system cannot find the path specified), client: 127.0.0.1, server: localhost, request: "GET /Jzcx/index HTTP/1.1", host: "localhost:8081"
2019/11/15 15:10:54 [error] 33124#32788: *1 CreateFile() "F:/usr/local/nginx/html/index.html" failed (3: The system cannot find the path specified), client: 127.0.0.1, server: localhost, request: "GET /Jzcx/index HTTP/1.1", host: "localhost:8081"
2019/11/15 15:10:54 [error] 33124#32788: *1 CreateFile() "F:/usr/local/nginx/html/index.html" failed (3: The system cannot find the path specified), client: 127.0.0.1, server: localhost, request: "GET /Jzcx/index HTTP/1.1", host: "localhost:8081"
2019/11/15 15:10:54 [error] 33124#32788: *1 CreateFile() "F:/usr/local/nginx/html/index.html" failed (3: The system cannot find the path specified), client: 127.0.0.1, server: localhost, request: "GET /Jzcx/index HTTP/1.1", host: "localhost:8081"
2019/11/15 15:10:54 [error] 33124#32788: *1 CreateFile() "F:/usr/local/nginx/html/index.html" failed (3: The system cannot find the path specified), client: 127.0.0.1, server: localhost, request: "GET /Jzcx/index HTTP/1.1", host: "localhost:8081"
2019/11/15 15:10:55 [error] 33124#32788: *1 CreateFile() "F:/usr/local/nginx/html/index.html" failed (3: The system cannot find the path specified), client: 127.0.0.1, server: localhost, request: "GET /Jzcx/index HTTP/1.1", host: "localhost:8081"
2019/11/15 15:10:55 [error] 33124#32788: *1 CreateFile() "F:/usr/local/nginx/html/index.html" failed (3: The system cannot find the path specified), client: 127.0.0.1, server: localhost, request: "GET /Jzcx/index HTTP/1.1", host: "localhost:8081"
2019/11/15 15:10:55 [error] 33124#32788: *1 CreateFile() "F:/usr/local/nginx/html/index.html" failed (3: The system cannot find the path specified), client: 127.0.0.1, server: localhost, request: "GET /Jzcx/index HTTP/1.1", host: "localhost:8081"
2019/11/15 15:11:09 [error] 33124#32788: *1 CreateFile() "F:/usr/local/nginx/html/index.html" failed (3: The system cannot find the path specified), client: 127.0.0.1, server: localhost, request: "GET /Jzcx/index HTTP/1.1", host: "localhost:8081"
2019/11/15 15:11:09 [error] 33124#32788: *1 CreateFile() "F:/usr/local/nginx/html/index.html" failed (3: The system cannot find the path specified), client: 127.0.0.1, server: localhost, request: "GET /Jzcx/index HTTP/1.1", host: "localhost:8081"
2019/11/15 15:11:10 [error] 33124#32788: *1 CreateFile() "F:/usr/local/nginx/html/index.html" failed (3: The system cannot find the path specified), client: 127.0.0.1, server: localhost, request: "GET /Jzcx/index HTTP/1.1", host: "localhost:8081"
2019/11/15 15:11:10 [error] 33124#32788: *1 CreateFile() "F:/usr/local/nginx/html/index.html" failed (3: The system cannot find the path specified), client: 127.0.0.1, server: localhost, request: "GET /Jzcx/index HTTP/1.1", host: "localhost:8081"
2019/11/15 15:11:23 [error] 33124#32788: *1 CreateFile() "F:/usr/local/nginx/html/index.html" failed (3: The system cannot find the path specified), client: 127.0.0.1, server: localhost, request: "GET /Jzcx/index/Jzcx/index HTTP/1.1", host: "localhost:8081"
2019/11/15 15:11:34 [error] 33124#32788: *1 CreateFile() "F:/usr/local/nginx/html/index.html" failed (3: The system cannot find the path specified), client: 127.0.0.1, server: localhost, request: "GET /Jzcx/index HTTP/1.1", host: "localhost:8081"
2019/11/15 15:11:41 [error] 33124#32788: *1 "F:/usr/local/nginx/html/index.html" is not found (3: The system cannot find the path specified), client: 127.0.0.1, server: localhost, request: "GET / HTTP/1.1", host: "localhost:8081"
2019/11/15 15:11:44 [error] 33124#32788: *1 "F:/usr/local/nginx/html/index.html" is not found (3: The system cannot find the path specified), client: 127.0.0.1, server: localhost, request: "GET / HTTP/1.1", host: "localhost:8081"
2019/11/15 15:11:54 [notice] 33096#24028: signal process started
2019/11/15 15:14:30 [notice] 29376#34472: signal process started
2019/11/15 15:14:30 [error] 29376#34472: CreateFile() "F:\nginx\nginx-1.12.2\nginx-1.12.2/logs/nginx.pid" failed (2: The system cannot find the file specified)
2019/11/15 15:14:46 [error] 33924#34728: *1 "F:/usr/local/nginx/html/index.html" is not found (3: The system cannot find the path specified), client: 127.0.0.1, server: localhost, request: "GET / HTTP/1.1", host: "localhost:8081"
2019/11/15 15:14:51 [error] 33924#34728: *1 CreateFile() "F:/usr/local/nginx/html/index.html" failed (3: The system cannot find the path specified), client: 127.0.0.1, server: localhost, request: "GET /Jzcx/index HTTP/1.1", host: "localhost:8081"
2019/11/15 15:15:04 [notice] 34744#34412: signal process started
2019/11/15 15:19:25 [notice] 34092#13360: signal process started
2019/11/15 15:20:29 [notice] 34444#34768: signal process started
2019/11/15 15:20:35 [error] 26372#23648: *1 CreateFile() "F:/usr/local/nginx/html/css/index1.0.css" failed (3: The system cannot find the path specified), client: 127.0.0.1, server: localhost, request: "GET /css/index1.0.css?v=%27+number+%27 HTTP/1.1", host: "localhost:8081", referrer: "http://localhost:8081/Jzcx/index"
